// Jest Snapshot v1, https://goo.gl/fbAQLP

exports[`pagina jogos deve renderizar corretamente 1`] = `
<div>
  <form>
    <input
      placeholder="Digite os nomes dos participantes"
      type="text"
      value=""
    />
    <button
      disabled=""
    >
      Adicionar
    </button>
  </form>
  <ul />
  <footer>
    <button
      disabled=""
    >
      Iniciar
    </button>
  </footer>
</div>
`;
